
> tai-xiu-ca-nhan@0.1.0 test
> vitest run


 RUN  v4.1.5 D:/Personal Project/TaiXiuCaNhan


 Test Files  18 passed (18)
      Tests  151 passed (151)
   Start at  11:17:41
   Duration  6.64s (transform 3.40s, setup 0ms, import 6.79s, tests 1.66s, environment 43.67s)

